/Applications/STM32CubeIDE.app/Contents/Eclipse/plugins/com.st.stm32cube.ide.mcu.externaltools.gnu-tools-for-stm32.12.3.rel1.macos64_1.0.100.202403111906/tools/arm-none-eabi/include/stdlib.h:227:8:itoa	40	static
../Core/Src/main.c:87:6:printMessage	24	static
../Core/Src/main.c:108:6:printTime	16	static
../Core/Src/main.c:141:6:Execute_command	16	static
../Core/Src/main.c:156:5:main	8	static
../Core/Src/main.c:211:6:SystemClock_Config	88	static
../Core/Src/main.c:258:13:MX_I2C1_Init	8	static
../Core/Src/main.c:292:13:MX_GPIO_Init	40	static
../Core/Src/main.c:326:6:Error_Handler	4	static,ignoring_inline_asm
